 Doppler Broaden ENDF/B Cross Sections (SIGMA1 2017-1)
 -------------------------------------------------------------------------------
 Retrieval Criteria-----------        MAT
 Monitor Mode-----------------        Off
 Temperature------------------ 293.160004 Kelvin
 Minimum Cross Section-------- 1.0000E-10 (Default Option)
 Negative Cross Section------- Make = 0 (No Negative Outout)
 Unresolved Resonances Region- Copy (No Broadening)
 -------------------------------------------------------------------------------
 ENDF/B Input and Output Data Filenames
 -------------------------------------------------------------------------------
 n-Y089.res.point0                                                       
 n-Y089.res.point                                                        
 -------------------------------------------------------------------------------
 Requested MAT Ranges
 -------------------------------------------------------------------------------
     Mimimum    Maximum
 -------------------------------------------------------------------------------
           0       9999 (Default Option)
 -------------------------------------------------------------------------------
 Allowable Uncertainty
 -------------------------------------------------------------------------------
      Energy Unceryainty   per-cent
 -------------------------------------------------------------------------------
  0.0         1.00000E-4     0.0100 (Default Option)
 -------------------------------------------------------------------------------
 ENDF/B Tape Label
 -------------------------------------------------------------------------------
  n-Y089.res.tendl.2021: Merger of MF1 and MF2                       99
 -------------------------------------------------------------------------------
 Projectile      MAT  MT ENDF/B     Kelvin     Q-Value   Points   Points
       Material          Format         In          eV       In      Out
 -------------------------------------------------------------------------------
 n    39-Y -89  3925   1  VI    0.0         0.0           52393    51281          
 n    39-Y -89  3925   2  VI    0.0         0.0           52393    50698          
 n    39-Y -89  3925 102  VI    0.0         0.0           52393   113598          
 -------------------------------------------------------------------------------
 No Unresolved Region                       MAT Totals   157179   215577
 -------------------------------------------------------------------------------
 ==============================================================================
      MAT Total Execution Time                6.89 Seconds
 ==============================================================================
 -------------------------------------------------------------------------------
                                           Tape Totals   157179   215577
 -------------------------------------------------------------------------------
